../Core/Src/main.c:67:6:exercise1	8	static
../Core/Src/main.c:72:6:exercise2	8	static
../Core/Src/main.c:93:6:set_light	24	static
../Core/Src/main.c:107:6:led_off	8	static
../Core/Src/main.c:120:6:exercise3	16	static
../Core/Src/main.c:154:6:display7SEG	16	static
../Core/Src/main.c:213:6:exercise5	16	static
../Core/Src/main.c:244:6:exercise6	8	static
../Core/Src/main.c:250:6:clearAllClock	8	static
../Core/Src/main.c:256:6:setNumberOnClock	16	static
../Core/Src/main.c:298:6:exercis9	16	static
../Core/Src/main.c:340:6:exercis10	24	static
../Core/Src/main.c:381:5:main	8	static
../Core/Src/main.c:430:6:SystemClock_Config	72	static
../Core/Src/main.c:469:13:MX_USART2_UART_Init	8	static
../Core/Src/main.c:502:13:MX_GPIO_Init	40	static
../Core/Src/main.c:558:6:Error_Handler	4	static,ignoring_inline_asm
